// Jest Snapshot v1, https://goo.gl/fbAQLP

exports[`BookshelfSection correctly renders all books 1`] = `
<div>
  <table
    class="w-full"
  >
    <thead
      class="sticky top-0 bg-brown dark:bg-darkgrey"
    >
      <tr>
        <th
          class="pb-2.5 text-left text-sm"
        >
          Book
        </th>
        <th
          class="w-24 pb-2.5 text-left text-sm max-smaller:hidden"
        >
          Genre
        </th>
        <th
          class="pb-2.5 text-center text-sm"
        >
          Status
        </th>
      </tr>
    </thead>
    <tbody>
      <tr
        class="[&>td]:pt-10 [&>td]:first:pt-0"
      >
        <td
          class="flex flex-col justify-start break-keep pr-2.5 align-top"
        >
          <h2
            class="my-0 max-w-lg font-bold"
          >
            The Black Swan: The Impact of the Highly Improbable
          </h2>
          <div
            class="flex flex-col"
          >
            <div
              class="text-sm"
            >
              Nassim Nicholas Taleb
            </div>
            <div
              class="order-last text-sm max-smaller:order-first"
              title="Date Started"
            >
              26/09/2022
            </div>
          </div>
        </td>
        <td
          class="align-top text-sm max-smaller:inline"
        >
          Nonfiction
        </td>
        <td
          class="align-top"
        >
          <div
            class="mx-auto h-5 w-5"
          >
            <img
              alt="Currently Reading Icon"
              data-nimg="1"
              decoding="async"
              height="20"
              loading="lazy"
              src="/img.jpg"
              style="color: transparent;"
              width="20"
            />
          </div>
        </td>
      </tr>
      <tr
        class="[&>td]:pt-10 [&>td]:first:pt-0"
      >
        <td
          class="flex flex-col justify-start break-keep pr-2.5 align-top"
        >
          <h2
            class="my-0 max-w-lg font-bold"
          >
            The Pragmatic Programmer: From Journeyman to Master
          </h2>
          <div
            class="flex flex-col"
          >
            <div
              class="text-sm"
            >
              Andy Hunt, Dave Thomas
            </div>
            <div
              class="order-last text-sm max-smaller:order-first"
              title="Date Started"
            />
          </div>
        </td>
        <td
          class="align-top text-sm max-smaller:inline"
        >
          Programming
        </td>
        <td
          class="align-top"
        >
          <div
            class="mx-auto h-5 w-5"
          >
            <img
              alt="Currently Reading Icon"
              data-nimg="1"
              decoding="async"
              height="20"
              loading="lazy"
              src="/img.jpg"
              style="color: transparent;"
              width="20"
            />
          </div>
        </td>
      </tr>
      <tr
        class="[&>td]:pt-10 [&>td]:first:pt-0"
      >
        <td
          class="flex flex-col justify-start break-keep pr-2.5 align-top"
        >
          <h2
            class="my-0 max-w-lg font-bold"
          >
            Wordslut: A Feminist Guide to Taking Back the English Language
          </h2>
          <div
            class="flex flex-col"
          >
            <div
              class="text-sm"
            >
              Amanda Montell
            </div>
            <div
              class="order-last text-sm max-smaller:order-first"
              title="Date Completed"
            >
              25/09/2022
            </div>
          </div>
        </td>
        <td
          class="align-top text-sm max-smaller:inline"
        >
          Nonfiction
        </td>
        <td
          class="align-top"
        >
          <div
            class="mx-auto h-5 w-5"
          >
            <img
              alt="Completed Book Icon"
              data-nimg="1"
              decoding="async"
              height="20"
              loading="lazy"
              sizes="20px"
              src="/_next/image?url=%2Fimg.jpg&w=3840&q=75"
              srcset="/_next/image?url=%2Fimg.jpg&w=16&q=75 16w, /_next/image?url=%2Fimg.jpg&w=32&q=75 32w, /_next/image?url=%2Fimg.jpg&w=48&q=75 48w, /_next/image?url=%2Fimg.jpg&w=64&q=75 64w, /_next/image?url=%2Fimg.jpg&w=96&q=75 96w, /_next/image?url=%2Fimg.jpg&w=128&q=75 128w, /_next/image?url=%2Fimg.jpg&w=256&q=75 256w, /_next/image?url=%2Fimg.jpg&w=384&q=75 384w, /_next/image?url=%2Fimg.jpg&w=640&q=75 640w, /_next/image?url=%2Fimg.jpg&w=750&q=75 750w, /_next/image?url=%2Fimg.jpg&w=828&q=75 828w, /_next/image?url=%2Fimg.jpg&w=1080&q=75 1080w, /_next/image?url=%2Fimg.jpg&w=1200&q=75 1200w, /_next/image?url=%2Fimg.jpg&w=1920&q=75 1920w, /_next/image?url=%2Fimg.jpg&w=2048&q=75 2048w, /_next/image?url=%2Fimg.jpg&w=3840&q=75 3840w"
              style="color: transparent;"
              width="20"
            />
          </div>
        </td>
      </tr>
      <tr
        class="[&>td]:pt-10 [&>td]:first:pt-0"
      >
        <td
          class="flex flex-col justify-start break-keep pr-2.5 align-top"
        >
          <h2
            class="my-0 max-w-lg font-bold"
          >
            Steve Jobs
          </h2>
          <div
            class="flex flex-col"
          >
            <div
              class="text-sm"
            >
              Walter Isaacson
            </div>
            <div
              class="order-last text-sm max-smaller:order-first"
              title="Date Completed"
            >
              11/09/2022
            </div>
          </div>
        </td>
        <td
          class="align-top text-sm max-smaller:inline"
        >
          Biography
        </td>
        <td
          class="align-top"
        >
          <div
            class="mx-auto h-5 w-5"
          >
            <img
              alt="Completed Book Icon"
              data-nimg="1"
              decoding="async"
              height="20"
              loading="lazy"
              sizes="20px"
              src="/_next/image?url=%2Fimg.jpg&w=3840&q=75"
              srcset="/_next/image?url=%2Fimg.jpg&w=16&q=75 16w, /_next/image?url=%2Fimg.jpg&w=32&q=75 32w, /_next/image?url=%2Fimg.jpg&w=48&q=75 48w, /_next/image?url=%2Fimg.jpg&w=64&q=75 64w, /_next/image?url=%2Fimg.jpg&w=96&q=75 96w, /_next/image?url=%2Fimg.jpg&w=128&q=75 128w, /_next/image?url=%2Fimg.jpg&w=256&q=75 256w, /_next/image?url=%2Fimg.jpg&w=384&q=75 384w, /_next/image?url=%2Fimg.jpg&w=640&q=75 640w, /_next/image?url=%2Fimg.jpg&w=750&q=75 750w, /_next/image?url=%2Fimg.jpg&w=828&q=75 828w, /_next/image?url=%2Fimg.jpg&w=1080&q=75 1080w, /_next/image?url=%2Fimg.jpg&w=1200&q=75 1200w, /_next/image?url=%2Fimg.jpg&w=1920&q=75 1920w, /_next/image?url=%2Fimg.jpg&w=2048&q=75 2048w, /_next/image?url=%2Fimg.jpg&w=3840&q=75 3840w"
              style="color: transparent;"
              width="20"
            />
          </div>
        </td>
      </tr>
      <tr
        class="[&>td]:pt-10 [&>td]:first:pt-0"
      >
        <td
          class="flex flex-col justify-start break-keep pr-2.5 align-top"
        >
          <h2
            class="my-0 max-w-lg font-bold"
          >
            Brave New World
          </h2>
          <div
            class="flex flex-col"
          >
            <div
              class="text-sm"
            >
              Aldous Huxley
            </div>
            <div
              class="order-last text-sm max-smaller:order-first"
              title="Date Completed"
            />
          </div>
        </td>
        <td
          class="align-top text-sm max-smaller:inline"
        >
          Fiction
        </td>
        <td
          class="align-top"
        >
          <div
            class="mx-auto h-5 w-5"
          >
            <img
              alt="Completed Book Icon"
              data-nimg="1"
              decoding="async"
              height="20"
              loading="lazy"
              sizes="20px"
              src="/_next/image?url=%2Fimg.jpg&w=3840&q=75"
              srcset="/_next/image?url=%2Fimg.jpg&w=16&q=75 16w, /_next/image?url=%2Fimg.jpg&w=32&q=75 32w, /_next/image?url=%2Fimg.jpg&w=48&q=75 48w, /_next/image?url=%2Fimg.jpg&w=64&q=75 64w, /_next/image?url=%2Fimg.jpg&w=96&q=75 96w, /_next/image?url=%2Fimg.jpg&w=128&q=75 128w, /_next/image?url=%2Fimg.jpg&w=256&q=75 256w, /_next/image?url=%2Fimg.jpg&w=384&q=75 384w, /_next/image?url=%2Fimg.jpg&w=640&q=75 640w, /_next/image?url=%2Fimg.jpg&w=750&q=75 750w, /_next/image?url=%2Fimg.jpg&w=828&q=75 828w, /_next/image?url=%2Fimg.jpg&w=1080&q=75 1080w, /_next/image?url=%2Fimg.jpg&w=1200&q=75 1200w, /_next/image?url=%2Fimg.jpg&w=1920&q=75 1920w, /_next/image?url=%2Fimg.jpg&w=2048&q=75 2048w, /_next/image?url=%2Fimg.jpg&w=3840&q=75 3840w"
              style="color: transparent;"
              width="20"
            />
          </div>
        </td>
      </tr>
      <tr
        class="[&>td]:pt-10 [&>td]:first:pt-0"
      >
        <td
          class="flex flex-col justify-start break-keep pr-2.5 align-top"
        >
          <h2
            class="my-0 max-w-lg font-bold"
          >
            Modern Conspiracies in America: Separating Fact from Fiction
          </h2>
          <div
            class="flex flex-col"
          >
            <div
              class="text-sm"
            >
              Michael D. Gambone
            </div>
            <div
              class="order-last text-sm max-smaller:order-first"
              title="Date Completed"
            >
              26/06/2022
            </div>
          </div>
        </td>
        <td
          class="align-top text-sm max-smaller:inline"
        >
          Nonfiction
        </td>
        <td
          class="align-top"
        >
          <div
            class="mx-auto h-5 w-5"
          >
            <img
              alt="Completed Book Icon"
              data-nimg="1"
              decoding="async"
              height="20"
              loading="lazy"
              sizes="20px"
              src="/_next/image?url=%2Fimg.jpg&w=3840&q=75"
              srcset="/_next/image?url=%2Fimg.jpg&w=16&q=75 16w, /_next/image?url=%2Fimg.jpg&w=32&q=75 32w, /_next/image?url=%2Fimg.jpg&w=48&q=75 48w, /_next/image?url=%2Fimg.jpg&w=64&q=75 64w, /_next/image?url=%2Fimg.jpg&w=96&q=75 96w, /_next/image?url=%2Fimg.jpg&w=128&q=75 128w, /_next/image?url=%2Fimg.jpg&w=256&q=75 256w, /_next/image?url=%2Fimg.jpg&w=384&q=75 384w, /_next/image?url=%2Fimg.jpg&w=640&q=75 640w, /_next/image?url=%2Fimg.jpg&w=750&q=75 750w, /_next/image?url=%2Fimg.jpg&w=828&q=75 828w, /_next/image?url=%2Fimg.jpg&w=1080&q=75 1080w, /_next/image?url=%2Fimg.jpg&w=1200&q=75 1200w, /_next/image?url=%2Fimg.jpg&w=1920&q=75 1920w, /_next/image?url=%2Fimg.jpg&w=2048&q=75 2048w, /_next/image?url=%2Fimg.jpg&w=3840&q=75 3840w"
              style="color: transparent;"
              width="20"
            />
          </div>
        </td>
      </tr>
    </tbody>
  </table>
</div>
`;
