// Jest Snapshot v1, https://jestjs.io/docs/snapshot-testing

exports[`ConveyorBelt renders correctly 1`] = `
<div>
  <div
    class="relative w-full overflow-hidden"
  >
    <div
      class="relative m-auto w-full"
    >
      <div
        class="hover:animation-pause flex w-fit scroll"
      >
        <div>
          Div 1
        </div>
        <div>
          Div 2
        </div>
      </div>
    </div>
  </div>
</div>
`;
