// Jest Snapshot v1, https://goo.gl/fbAQLP

exports[`SliderComponent renders correctly 1`] = `
<div
  className="container relative w-full overflow-hidden"
>
  <div
    className="relative m-auto h-fit w-full"
  >
    <div
      className="slide-track hover:animation-pause flex w-fit animate-scroll-v2"
    >
      <div>
        Div 1
      </div>
      <div>
        Div 2
      </div>
    </div>
  </div>
</div>
`;

exports[`renders the SliderComponent correctly 1`] = `
<div
  className="container relative w-full overflow-hidden"
>
  <div
    className="relative m-auto h-fit w-full"
  >
    <div
      className="slide-track hover:animation-pause flex w-fit animate-scroll-v2"
    >
      <div>
        Div 1
      </div>
      <div>
        Div 2
      </div>
    </div>
  </div>
</div>
`;
