// Jest Snapshot v1, https://goo.gl/fbAQLP

exports[`renders the TabButton correctly 1`] = `
<button
  aria-label="Company One"
  className="
        bg-transparent relative z-20 mb-[var(--tab-margin-top)]
        flex
        h-[var(--tab-height)] w-fit cursor-pointer
        whitespace-nowrap px-5 leading-[var(--tab-height)]
        text-black focus-visible:border-none
        max-small:mb-0 max-small:max-w-[var(--tab-width)]
        max-small:shrink-0 max-small:grow-0 max-small:basis-[var(--tab-width)]
        max-small:justify-center
        text-black activated
      "
  onClick={[Function]}
>
  Company One
</button>
`;
