// Jest Snapshot v1, https://goo.gl/fbAQLP

exports[`BookshelfSection renders correctly 1`] = `
<div
  className="flex w-full flex-row justify-center pt-12 pb-20 pt-20 bg-brown dark:bg-darkgrey text-black dark:text-softwhite"
>
  <section
    className="mx-auto flex w-9/12 flex-col justify-start"
  >
    <h1
      className="mb-16 text-center text-2xl font-bold sm:text-3xl"
    >
      Books I'm Involved With
    </h1>
    <div
      className="rounded-xl p-3.5"
    >
      <div
        className="max-h-[600px] overflow-y-scroll pr-2"
      >
        <table
          className="w-full"
        >
          <thead
            className="sticky top-0 bg-brown dark:bg-darkgrey"
          >
            <tr>
              <th
                className="pb-2.5 text-left text-sm"
              >
                Book
              </th>
              <th
                className="w-24 pb-2.5 text-left text-sm max-smaller:hidden"
              >
                Genre
              </th>
              <th
                className="pb-2.5 text-center text-sm"
              >
                Status
              </th>
            </tr>
          </thead>
          <tbody>
            <tr
              className="[&>td]:pt-10 [&>td]:first:pt-0"
            >
              <td
                className="flex flex-col justify-start break-keep pr-2.5 align-top"
              >
                <h2
                  className="my-0 max-w-lg font-bold"
                >
                  Stolen Focus
                </h2>
                <div
                  className="text-sm"
                >
                  Johann Hari
                </div>
              </td>
              <td
                className="align-top text-sm max-smaller:inline"
              >
                Nonfiction
              </td>
              <td
                className="align-top"
              />
            </tr>
            <tr
              className="[&>td]:pt-10 [&>td]:first:pt-0"
            >
              <td
                className="flex flex-col justify-start break-keep pr-2.5 align-top"
              >
                <h2
                  className="my-0 max-w-lg font-bold"
                >
                  The Pragmatic Programmer: From Journeyman to Master
                </h2>
                <div
                  className="text-sm"
                >
                  Andy Hunt, Dave Thomas
                </div>
              </td>
              <td
                className="align-top text-sm max-smaller:inline"
              >
                Programming
              </td>
              <td
                className="align-top"
              />
            </tr>
            <tr
              className="[&>td]:pt-10 [&>td]:first:pt-0"
            >
              <td
                className="flex flex-col justify-start break-keep pr-2.5 align-top"
              >
                <h2
                  className="my-0 max-w-lg font-bold"
                >
                  The Final Empire
                </h2>
                <div
                  className="text-sm"
                >
                  Brandon Sanderson
                </div>
              </td>
              <td
                className="align-top text-sm max-smaller:inline"
              >
                Fantasy
              </td>
              <td
                className="align-top"
              />
            </tr>
            <tr
              className="[&>td]:pt-10 [&>td]:first:pt-0"
            >
              <td
                className="flex flex-col justify-start break-keep pr-2.5 align-top"
              >
                <h2
                  className="my-0 max-w-lg font-bold"
                >
                  The Black Swan: The Impact of the Highly Improbable
                </h2>
                <div
                  className="text-sm"
                >
                  Nassim Nicholas Taleb
                </div>
              </td>
              <td
                className="align-top text-sm max-smaller:inline"
              >
                Nonfiction
              </td>
              <td
                className="align-top"
              />
            </tr>
          </tbody>
        </table>
      </div>
      <button
        aria-label="Show More Books"
        className="mx-auto mt-8 block w-fit rounded-md border px-2 py-1 hover:opacity-50"
        onClick={[Function]}
      >
        Show More
      </button>
    </div>
  </section>
</div>
`;
